◇ injected env (39) from .env // tip: ⌘ suppress logs { quiet: true }
◇ injected env (0) from .env // tip: ◈ encrypted .env [www.dotenvx.com]
17:55:17 [[32minfo[39m]: MySQL pool created
{
  "service": "ride-hailing-api",
  "environment": "development",
  "host": "localhost",
  "database": "transportCompanyTest",
  "port": 8889,
  "socketPath": "/Applications/MAMP/tmp/mysql/mysql.sock"
}

✅ ========== DATABASE VERIFICATION STARTED ==========

🔄 Ensuring tables exist and predefined data is installed...
17:55:17 [[32minfo[39m]: MySQL connectivity check succeeded
{
  "service": "ride-hailing-api",
  "environment": "development"
}
✅ Tables created.

✅ ========== PROVISIONING USER (supperAdmin) ==========
✅ Predefined data installed.
✅ Database verification complete.

✅ ========== DATABASE VERIFICATION COMPLETED SUCCESSFULLY ==========


── Non-destructive Schema Check ──
✅ Journey.journeyStartingLat already exists
✅ Journey.journeyStartingLng already exists

═══ PROVISIONING ALL CORE USERS (once per run) ═══

✅ ========== PROVISIONING USER (systemAdmin) ==========

✅ ========== PROVISIONING USER (admin) ==========

✅ ========== PROVISIONING USER (companyAdmin) ==========

✅ ========== PROVISIONING USER (queueOrgAdmin) ==========

✅ ========== PROVISIONING USER (driver) ==========

✅ ========== PROVISIONING USER (shipper) ==========
═══ CORE USERS READY ═══


✅ ========== CREATE ADMIN FLOW STARTED ==========

✅ Admin token set successfully

✅ ========== CREATE ADMIN FLOW COMPLETED SUCCESSFULLY ==========

✅ Roles fetched: 10

✅ ========== DRIVER ONBOARDING FLOW STARTED ==========

✅ Account data fetched (driver)
✅ Account data fetched (driver)
✅ Success! Vehicle Types:
payload {
  licensePlate: '921435',
  color: 'white color',
  vehicleTypeUniqueId: '55060ed0-88e8-42ba-b29a-fe4b3d713b84',
  isDriverOwnerOfVehicle: false
}
✅ Success! Vehicle Created:
{
  message: 'Vehicle created successfully',
  data: { vehicleUniqueId: '2de065a8-8a2c-4525-b373-429dde032d69' }
}
✅ Account data fetched (driver)
✅ Uploaded User Document: Driver’s License
✅ Uploaded User Document: Profile Photo
✅ Uploaded Vehicle Document:  Vehicle Registration (librea)
✅ Uploaded Vehicle Document: Insurance Document

✅ ========== DRIVER ONBOARDING FLOW COMPLETED SUCCESSFULLY ==========


── Authorizing Driver Documents ──

✅ ========== FETCH UNAUTHORIZED DRIVERS STARTED ==========

✅ Unauthorized drivers fetched successfully

✅ ========== FETCH UNAUTHORIZED DRIVERS COMPLETED SUCCESSFULLY ==========


✅ ========== AUTHORIZE DRIVERS DOCUMENTS STARTED ==========

📋 Found 4 pending documents to authorize
✅ Approved: Profile Photo
✅ Approved: Driver’s License
✅ Approved:  Vehicle Registration (librea)
✅ Approved: Insurance Document
✅ All pending documents authorized

✅ ========== AUTHORIZE DRIVERS DOCUMENTS COMPLETED SUCCESSFULLY ==========

✅ Driver documents authorized


=======================================================
   📄 TESTING DOCUMENT ENDPOINTS
=======================================================


── GET /api/user/attachedDocuments ──
✅ GET /api/user/attachedDocuments — 2 docs

── DELETE /api/user/attachedDocuments/:id ──
✅ DELETE /api/user/attachedDocuments — Document deleted successfully

── GET /api/user/documentHistory ──
✅ GET /api/user/documentHistory — Document history fetched successfully

── PUT /api/user/attachedDocuments/:id ──
⏩ PUT /api/user/attachedDocuments/:id: endpoint requires multipart — reachable ({"statusCode":400,"status":"fail","isOperational":true})
⏩ GET /api/company/attachedDocuments/:id: no company admin token or company
⏩ GET /api/company/documentHistory/:id: no company admin token or company

── GET /api/vehicle/attachedDocuments/:id ──
✅ GET /api/vehicle/attachedDocuments/:id — Documents fetched successfully

── GET /api/vehicle/documentHistory/:id ──
✅ GET /api/vehicle/documentHistory/:id — Document history fetched successfully

── GET /api/user/users/:id/profileHistory ──
✅ GET /api/user/users/:id/profileHistory — success

✅ Document endpoint tests complete


=======================================================
   🔑 TESTING FCM TOKEN ENDPOINTS
=======================================================


── POST /api/user/upsertFCMToken ──
  ✅ PASS: POST /api/user/upsertFCMToken — Device token created successfully

── GET /api/user/getFCMToken/:id ──
  ✅ PASS: GET /api/user/getFCMToken/:id — Device token fetched successfully

── PUT /api/user/updateFCMToken/:id ──
  ✅ PASS: PUT /api/user/updateFCMToken — Device token updated successfully

── DELETE /api/user/deleteFCMToken/:id ──
  ✅ PASS: DELETE /api/user/deleteFCMToken — Device token 08bdc7d0-6cf9-48fd-8d91-27459450fef7 deleted

✅ FCM token tests complete


── Company Endpoints ──

── GET /api/company/assignments ──
✅ GET /api/company/assignments — Query results fetched

── GET /api/company/bids ──
❌ GET /api/company/bids: { statusCode: 403, status: 'fail', isOperational: true }

── Finance: UserBalanceTransfer CRUD ──

── POST /api/finance/userBalanceTransfer/:transferredBy ──
  ✅ PASS: POST /api/finance/userBalanceTransfer — ok

── GET /api/finance/userBalanceTransfer ──
  ✅ PASS: GET /api/finance/userBalanceTransfer — Balance transfers fetched successfully

── GET /api/finance/userBalanceTransfer/:id ──
  ✅ PASS: GET /api/finance/userBalanceTransfer/:id — ok

── PUT /api/finance/userBalanceTransfer/:id ──
  ✅ PASS: PUT /api/finance/userBalanceTransfer — ok

── DELETE /api/finance/userBalanceTransfer/:id ──
  ✅ PASS: DELETE /api/finance/userBalanceTransfer — ok

── Finance: UserDeposit CRUD ──

── POST /api/finance/userDeposit ──
  ⏩ SKIP: POST /api/finance/userDeposit — endpoint reachable — FK issue ({"statusCode":400,"status":"fail","isOperational":true})

── GET /api/finance/userDeposit ──
  ✅ PASS: GET /api/finance/userDeposit — Deposits fetched successfully
  ⏩ SKIP: PUT /api/finance/userDeposit/:id — no deposit record found
  ⏩ SKIP: DELETE /api/finance/userDeposit/:id — no deposit record found

── Finance: UserSubscription CRUD ──

── POST /api/finance/userSubscription/:driverId ──
  ⏩ SKIP: POST /api/finance/userSubscription/:driverId — endpoint reachable — FK issue ({"statusCode":400,"status":"fail","isOperational":true})

── GET /api/finance/userSubscription ──
  ✅ PASS: GET /api/finance/userSubscription — User subscriptions fetched successfully
  ⏩ SKIP: PUT /api/finance/userSubscription/:id — no test-created subscription (POST was skipped)
  ⏩ SKIP: DELETE /api/finance/userSubscription/:id — no test-created subscription (POST was skipped)

── Finance: UserDeposit SantimPay ──

── POST /api/finance/userDeposit/initiateSantimPay ──
  ⏩ SKIP: POST /api/finance/userDeposit/initiateSantimPay — endpoint reachable — {"statusCode":400,"status":"fail","isOperational":true,"code":"VALIDATION_ERROR"

── POST /api/finance/userDeposit/santimPay/webhook ──
  ✅ PASS: POST /api/finance/userDeposit/santimPay/webhook — success

=======================================================
   📋 REFERENCE DATA CRUD TESTS
=======================================================


── VehicleType Workflow ──
✅ VehicleTypes fetched: 8
✅ VehicleTypes fetched: 9
✅ VehicleType created: 30be1177-93c3-4891-b404-c0f1a6016524
✅ VehicleTypes fetched: 9
✅ VehicleType updated: 30be1177-93c3-4891-b404-c0f1a6016524
✅ VehicleTypes fetched: 9
✅ VehicleType deleted: 30be1177-93c3-4891-b404-c0f1a6016524
✅ VehicleTypes fetched: 8
── VehicleType Workflow complete ──


── VehicleStatusType Workflow ──
✅ VehicleStatusTypes fetched: 6
✅ VehicleStatusType created: 578d8d91-5f9c-48c3-9bf5-4a85c8710cdb
✅ VehicleStatusTypes fetched: 7
✅ VehicleStatusType updated: 578d8d91-5f9c-48c3-9bf5-4a85c8710cdb
✅ VehicleStatusTypes fetched: 7
✅ VehicleStatusType deleted: 578d8d91-5f9c-48c3-9bf5-4a85c8710cdb
✅ VehicleStatusTypes fetched: 6
── VehicleStatusType Workflow complete ──


── Journey Status Workflow ──
✅ Journey statuses fetched: 17
✅ Journey statuses fetched: 18
✅ Journey status created: 26f6ffd5-fa4b-4231-aa83-e55402df8ff2
✅ Journey status updated: 26f6ffd5-fa4b-4231-aa83-e55402df8ff2
✅ Journey statuses fetched: 18
✅ Journey status deleted: 26f6ffd5-fa4b-4231-aa83-e55402df8ff2
✅ Journey statuses fetched: 17
── Journey Status Workflow complete ──


── CancellationReasonsType Workflow ──
✅ CancellationReasonTypes fetched: 10
✅ CancellationReasonType created: ee41999b-b1da-4c48-8a23-f1712b8151e2
✅ CancellationReasonTypes fetched: 10
✅ CancellationReasonType updated: ee41999b-b1da-4c48-8a23-f1712b8151e2
✅ CancellationReasonTypes fetched: 10
✅ CancellationReasonType deleted: ee41999b-b1da-4c48-8a23-f1712b8151e2
✅ CancellationReasonTypes fetched: 10
── CancellationReasonsType Workflow complete ──


── Document Types Workflow ──
✅ Document types fetched: 10
✅ Document types fetched: 10
✅ Document type created: 47e7e837-5d46-4fa7-a9cc-6b3805c50621
✅ Document types fetched: 10
✅ Document type updated: 47e7e837-5d46-4fa7-a9cc-6b3805c50621
✅ Document types fetched: 10
✅ Document type deleted: 47e7e837-5d46-4fa7-a9cc-6b3805c50621
✅ Document types fetched: 10
── Document Types Workflow complete ──


── RoleDocumentRequirements Workflow ──
✅ RoleDocumentRequirements fetched: 10
✅ RoleDocumentRequirements fetched: 2
✅ RoleDocumentRequirement created: 456a1746-2857-4016-9b9f-7c331ae9c8d0
✅ RoleDocumentRequirements fetched: 10
✅ RoleDocumentRequirement updated: 456a1746-2857-4016-9b9f-7c331ae9c8d0
✅ RoleDocumentRequirements fetched: 10
✅ RoleDocumentRequirement deleted: 456a1746-2857-4016-9b9f-7c331ae9c8d0
✅ RoleDocumentRequirements fetched: 10
── RoleDocumentRequirements Workflow complete ──


── Status Workflow ──
✅ Statuses fetched: 8
✅ Status created: 638413ed-3e6f-4ccd-8be7-af6ce3b1f2d9
✅ Statuses fetched: 9
✅ Status updated: 638413ed-3e6f-4ccd-8be7-af6ce3b1f2d9
✅ Statuses fetched: 9
✅ Status deleted: 638413ed-3e6f-4ccd-8be7-af6ce3b1f2d9
✅ Statuses fetched: 8
── Status Workflow complete ──


── TariffRate Workflow ──
✅ TariffRates fetched: 2
✅ TariffRate created: 24d962d1-357a-4762-ae75-70030e625cc8
✅ TariffRates fetched: 3
✅ TariffRate updated: 24d962d1-357a-4762-ae75-70030e625cc8
✅ TariffRates fetched: 3
✅ TariffRate deleted: 24d962d1-357a-4762-ae75-70030e625cc8
✅ TariffRates fetched: 2
── TariffRate Workflow complete ──


── DepositSource Workflow ──
✅ DepositSources fetched: 111
✅ DepositSource created: 1c92337f-b651-42e0-9103-c18473d488d4
✅ DepositSources fetched: 112
✅ DepositSource fetched by ID: 1c92337f-b651-42e0-9103-c18473d488d4
✅ DepositSource updated: 1c92337f-b651-42e0-9103-c18473d488d4
✅ DepositSources fetched: 112
✅ DepositSource deleted: 1c92337f-b651-42e0-9103-c18473d488d4
✅ DepositSources fetched: 112
── DepositSource Workflow complete ──


── FinancialInstitutionAccount Workflow ──
✅ FinancialInstitutionAccounts fetched: 2
✅ FinancialInstitutionAccount created: 098359d5-9170-4d0c-ad3d-a6eb2a0ac279
✅ FinancialInstitutionAccounts fetched: 3
✅ FinancialInstitutionAccount updated: 098359d5-9170-4d0c-ad3d-a6eb2a0ac279
✅ FinancialInstitutionAccounts fetched: 3
✅ FinancialInstitutionAccount deleted: 098359d5-9170-4d0c-ad3d-a6eb2a0ac279
✅ FinancialInstitutionAccounts fetched: 2
── FinancialInstitutionAccount Workflow complete ──


── CommissionStatus Workflow ──
✅ CommissionStatuses fetched: 5
✅ CommissionStatus created: 901ffda5-7e6d-4ac5-96a0-eea9c45ee92b
✅ CommissionStatuses fetched: 6
✅ CommissionStatus updated: 901ffda5-7e6d-4ac5-96a0-eea9c45ee92b
✅ CommissionStatuses fetched: 6
✅ CommissionStatus deleted: 901ffda5-7e6d-4ac5-96a0-eea9c45ee92b
✅ CommissionStatuses fetched: 5
── CommissionStatus Workflow complete ──


── PaymentStatus Workflow ──
✅ PaymentStatuses fetched: 3
✅ PaymentStatus created: 5b725223-d8cb-4847-aa96-57aac64c280f
✅ PaymentStatuses fetched: 4
✅ PaymentStatus updated: 5b725223-d8cb-4847-aa96-57aac64c280f
✅ PaymentStatuses fetched: 4
✅ PaymentStatus deleted: 5b725223-d8cb-4847-aa96-57aac64c280f
✅ PaymentStatuses fetched: 3
── PaymentStatus Workflow complete ──


── PaymentMethod Workflow ──
✅ PaymentMethods fetched: 10
✅ PaymentMethod created: c5ace0b1-fbf9-4b30-8779-aec3f4e534a6
✅ PaymentMethods fetched: 10
✅ PaymentMethod updated: c5ace0b1-fbf9-4b30-8779-aec3f4e534a6
✅ PaymentMethods fetched: 10
✅ PaymentMethod deleted: c5ace0b1-fbf9-4b30-8779-aec3f4e534a6
✅ PaymentMethods fetched: 10
── PaymentMethod Workflow complete ──


── CommissionRates Workflow ──
✅ CommissionRates fetched: 2
✅ CommissionRate created: 566a8175-e477-4b22-8c6d-099eedb62201
✅ CommissionRates fetched: 2
✅ CommissionRate updated: 566a8175-e477-4b22-8c6d-099eedb62201
✅ CommissionRates fetched: 2
✅ CommissionRate deleted: 566a8175-e477-4b22-8c6d-099eedb62201
✅ CommissionRates fetched: 1
✅ CommissionRate created: d20761b4-413e-4dae-b1e0-288b5e5f3fe9
── CommissionRates Workflow complete ──


── SubscriptionPlan Workflow ──
✅ SubscriptionPlans fetched: 10
✅ SubscriptionPlan created: 0ad7ece8-10e1-47f8-a569-643002f4b868
✅ SubscriptionPlans fetched: 10
✅ SubscriptionPlan updated: 0ad7ece8-10e1-47f8-a569-643002f4b868
✅ SubscriptionPlans fetched: 10
✅ SubscriptionPlan deleted: 0ad7ece8-10e1-47f8-a569-643002f4b868
✅ SubscriptionPlans fetched: 10
── SubscriptionPlan Workflow complete ──


── SubscriptionPlanPricing Workflow ──
✅ SubscriptionPlan created: dfcbdb9f-bf79-4ca2-ba10-4f34868c692b
✅ SubscriptionPlanPricing created: 9cfeeb3f-bb99-4677-b888-2da04d8fe7c5
✅ SubscriptionPlanPricings fetched: 5
✅ SubscriptionPlanPricing updated: 9cfeeb3f-bb99-4677-b888-2da04d8fe7c5
✅ SubscriptionPlanPricings fetched: 5
✅ SubscriptionPlanPricing deleted: 9cfeeb3f-bb99-4677-b888-2da04d8fe7c5
✅ SubscriptionPlanPricings fetched: 4
── SubscriptionPlanPricing Workflow complete ──


── TariffRateForVehicleType Workflow ──
✅ TariffRateForVehicleTypes fetched: 0
✅ TariffRateForVehicleType created: e034380a-2d0b-45b1-a416-7ff9ee86867f
✅ TariffRateForVehicleTypes fetched: 1
✅ TariffRateForVehicleType updated: e034380a-2d0b-45b1-a416-7ff9ee86867f
✅ TariffRateForVehicleTypes fetched: 1
✅ TariffRateForVehicleType deleted: e034380a-2d0b-45b1-a416-7ff9ee86867f
✅ TariffRateForVehicleTypes fetched: 0
── TariffRateForVehicleType Workflow complete ──


── Roles Workflow ──
✅ Roles fetched: 10
✅ Role created: 1cc6fa77-6091-4718-bf31-68f2125a383e
✅ Role updated: 1cc6fa77-6091-4718-bf31-68f2125a383e
✅ Role deleted: 1cc6fa77-6091-4718-bf31-68f2125a383e
✅ Roles fetched: 10
── Roles Workflow complete ──


── SMSSender Workflow ──
✅ SMSSenders fetched: 0
✅ SMSSender created: (no id returned)
✅ SMSSenders fetched: 1
✅ SMSSender fetched by ID: 107
✅ SMSSender updated: 107
✅ SMSSenders fetched: 1
✅ SMSSender deleted: 107
✅ SMSSenders fetched: 0
── SMSSender Workflow complete ──


── CompanyRole Workflow ──
✅ CompanyRoles fetched: 4
✅ CompanyRole created: 6cc4e695-1e41-4d35-a63a-cc000c4de0e3
✅ CompanyRoles fetched: 5
✅ CompanyRole fetched by ID: 6cc4e695-1e41-4d35-a63a-cc000c4de0e3
✅ CompanyRole updated: 6cc4e695-1e41-4d35-a63a-cc000c4de0e3
✅ CompanyRoles fetched: 5
✅ CompanyRole deleted: 6cc4e695-1e41-4d35-a63a-cc000c4de0e3
✅ CompanyRoles fetched: 4
── CompanyRole Workflow complete ──


── VehicleStatus Workflow ──
✅ VehicleStatuses fetched: 10
✅ VehicleStatus created: d60d3eac-b498-4a54-9a37-10f6c78aaf1a
✅ VehicleStatuses fetched: 10
✅ VehicleStatus updated: d60d3eac-b498-4a54-9a37-10f6c78aaf1a
✅ VehicleStatuses fetched: 10
✅ VehicleStatus deleted: d60d3eac-b498-4a54-9a37-10f6c78aaf1a
✅ VehicleStatuses fetched: 10
── VehicleStatus Workflow complete ──


── UserRefund Workflow ──
✅ UserRefunds fetched: 0
✅ UserRefund created: 7e5adcfd-1f3e-4ccf-a947-32424afeae01
✅ UserRefunds fetched: 1
✅ UserRefund updated: 7e5adcfd-1f3e-4ccf-a947-32424afeae01
✅ UserRefunds fetched: 1
✅ UserRefund deleted: 7e5adcfd-1f3e-4ccf-a947-32424afeae01
✅ UserRefunds fetched: 0
── UserRefund Workflow complete ──


── DriverEarning Workflow ──
✅ DriverEarnings fetched: 0
✅ DriverEarnings fetched: 0
── DriverEarning Workflow complete ──


── UserRole Workflow ──
✅ UserRoles fetched: 10
✅ UserRole created: 33704671-c24c-463a-a2c0-1b7ddd5ce2f3
✅ UserRoles fetched: 10
✅ UserRole updated: 33704671-c24c-463a-a2c0-1b7ddd5ce2f3
✅ UserRoles fetched: 10
✅ UserRole deleted: 33704671-c24c-463a-a2c0-1b7ddd5ce2f3
✅ UserRoles fetched: 10
── UserRole Workflow complete ──


✅ Reference data CRUD complete


=======================================================
   🚀 STARTING INDIVIDUAL TARGET FLOW
=======================================================


✅ ========== SHIPPER ONBOARDING FLOW STARTED (individual_target) ==========

✅ Account data fetched (shipper)
✅ Uploaded User Document: Profile Photo
✅ Uploaded User Document: National ID

✅ ========== SHIPPER ONBOARDING FLOW COMPLETED SUCCESSFULLY ==========


✅ ========== CREATE DRIVER REQUEST FLOW STARTED ==========

✅ Success! Driver Request Created (Auto-matching):
Status: 2
Message: Driver status fetched
Matched Shipper Request ID: f4962134-81e9-4e63-9034-a67549064cda

✅ ========== CREATE DRIVER REQUEST FLOW COMPLETED SUCCESSFULLY ==========

✅ Driver journey status fetched. Status: 2
✅ Driver accepted shipper request. Status: 3
✅ Driver journey status fetched. Status: 3
✅ Driver journey status fetched. Status: 3

✅ INDIVIDUAL TARGET FLOW COMPLETED


=======================================================
   🚚 TAKE FROM STREET (journeyStartingLat/Lng)
=======================================================

✅ Account data fetched (driver)
✅ Driver journey status fetched. Status: 3
⚠️  runTakeFromStreetFlow failed, continuing: takeFromStreet skipped: driver has an active journey (status 3)

── PUT /api/user/updateUser/self with file ──
✅ updateUser/self: User updated

=======================================================
   🏢 STARTING COMPANY TARGET FLOW
=======================================================


✅ ========== SHIPPER ONBOARDING FLOW STARTED (company_target) ==========

✅ Account data fetched (shipper)
✅ All Shipper Documents are already uploaded!

✅ ========== SHIPPER ONBOARDING FLOW COMPLETED SUCCESSFULLY ==========


✅ ========== CREATE COMPANY ADMIN FLOW STARTED ==========


✅ ========== CREATE COMPANY ADMIN FLOW COMPLETED SUCCESSFULLY ==========

✅ Driver journey status fetched. Status: 2
✅ Driver confirmed_by_driver company assignment.
✅ Driver journey status fetched. Status: 4
❌ Failed to start journey.
Server responded with: {
  status: 'fail',
  message: 'fail',
  error: { statusCode: 403, status: 'fail', isOperational: true },
  stack: 'Error: Driver in inactive status\n' +
    '    at verifyDriversIdentity (/Users/zewedu/Desktop/Projects/transportBackEndNative/Middleware/VerifyUsersIdentity.js:101:13)\n' +
    '    at process.processTicksAndRejections (node:internal/process/task_queues:105:5)'
}
✅ Driver journey status fetched. Status: 4

✅ COMPANY TARGET FLOW COMPLETED


=======================================================
   📊 POST-JOURNEY CRUD TESTS
=======================================================


── Journey Workflow ──
✅ Journeys fetched: 0
✅ Ongoing journey fetched: 10
⏩ No journeys found — GET-only workflow complete (run full flow first to create journeys)
✅ Completed journeys fetched: 10
── Journey Workflow complete ──


── JourneyDecisions Workflow ──
✅ JourneyDecisions fetched: 10
✅ JourneyDecisions fetched: 10
✅ JourneyDecision updated: a4196dbf-0f8c-453a-8c89-cb951956848e
❌ testDeleteJourneyDecision: {
  code: 'ER_ROW_IS_REFERENCED_2',
  errno: 1451,
  sqlState: '23000',
  sqlMessage: 'Cannot delete or update a parent row: a foreign key constraint fails (`transportcompanytest`.`companybidvehicleassignment`, CONSTRAINT `companybidvehicleassignment_ibfk_6` FOREIGN KEY (`journeyDecisionUniqueId`) REFERENCES `journeydecisions` (`journeyDecisionUni)',
  sql: 'DELETE FROM JourneyDecisions WHERE journeyDecisionId = 3691',
  statusCode: 500,
  status: 'error'
}
⚠️  JourneyDecision delete skipped: error
── JourneyDecisions Workflow complete ──


── CanceledJourneys Workflow ──
✅ CanceledJourneys fetched: 10
📋 Found canceled journey to test: c6287cc5-c965-49c6-92b3-3cd8b25c0348
✅ CanceledJourney updated: c6287cc5-c965-49c6-92b3-3cd8b25c0348
✅ CanceledJourney marked seen by admin: c6287cc5-c965-49c6-92b3-3cd8b25c0348
✅ CanceledJourney deleted: c6287cc5-c965-49c6-92b3-3cd8b25c0348
✅ CanceledJourneys fetched: 10
── CanceledJourneys Workflow complete ──


── JourneyRoutePoints Workflow ──
✅ JourneyRoutePoints fetched: 0
✅ JourneyRoutePoint created: 4ebfd340-adf1-4c65-a4d7-fe1752f9ce87
✅ JourneyRoutePoints fetched: 1
✅ JourneyRoutePoint updated: 4ebfd340-adf1-4c65-a4d7-fe1752f9ce87
✅ JourneyRoutePoints fetched: 1
✅ JourneyRoutePoint deleted: 4ebfd340-adf1-4c65-a4d7-fe1752f9ce87
✅ JourneyRoutePoints fetched: 0
── JourneyRoutePoints Workflow complete ──


── Ratings Workflow ──
✅ Ratings fetched: 10
✅ Ratings fetched: 10
✅ Rating created: 101
✅ Ratings fetched: 10
✅ Rating updated: 101
✅ Ratings fetched: 10
✅ Rating deleted: 101
✅ Ratings fetched: 10
── Ratings Workflow complete ──


── VehicleProfile Workflow ──
✅ Vehicles fetched: 1
📋 Using existing vehicle from driver onboarding: 2de065a8-8a2c-4525-b373-429dde032d69
✅ Vehicle updated: 2de065a8-8a2c-4525-b373-429dde032d69
✅ Vehicles fetched: 1
── VehicleProfile Workflow complete ──


── VehicleDriver Workflow ──
✅ VehicleDrivers fetched: 10
📋 Using existing vehicle-driver link: e64ce7e2-6476-4592-a571-3466df176272
✅ VehicleDriver updated: e64ce7e2-6476-4592-a571-3466df176272
✅ VehicleDrivers fetched: 10
── VehicleDriver Workflow complete ──


── VehicleOwnership Workflow ──
✅ VehicleOwnerships fetched: 10
📋 Using existing ownership: 56e23270-5363-4f80-83f3-6d1d5405a124
✅ VehicleOwnership updated: 56e23270-5363-4f80-83f3-6d1d5405a124
✅ VehicleOwnerships fetched: 10
── VehicleOwnership Workflow complete ──


── UserRoleStatus Workflow ──
✅ UserRoleStatus current fetched: 10
✅ UserRoleStatus by phone fetched
✅ UserRoleStatus updated for user: 7d54c975-fa1d-4ea9-b56a-15b23c7d249e
✅ UserRoleStatus current fetched: 10
── UserRoleStatus Workflow complete ──


── ShipperRequestBatch Workflow ──
✅ ShipperRequestBatches fetched: 2
✅ Batch slots fetched: 1
⏩ testPartialCancelBatch: cannot partially cancel in current state (expected)
⏩ testCancelBatch: batch cannot be canceled in current state (expected)
✅ ShipperRequestBatches fetched: 2
── ShipperRequestBatch Workflow complete ──


── Account Workflow ──
✅ Account data fetched (driver)
✅ Account data fetched (shipper)
✅ Account data fetched (companyAdmin)
✅ Account status (driver): 3
✅ Account status (shipper): 1
── Account Workflow complete ──


── Mark As Seen Workflow ──
❌ testGetDriverCancellationNotifications: { statusCode: 403, status: 'fail', isOperational: true }
⚠️  runPostJourneyCRUD failed, continuing: Request failed with status code 403

=======================================================
   ⚠️  DELINQUENCY LIFECYCLE TESTS
=======================================================


── Delinquency Workflow ──
✅ Delinquencies fetched: 10
❌ testCreateDelinquency: { statusCode: 404, status: 'fail', isOperational: true }
⚠️  runDelinquencyTests failed, continuing: Request failed with status code 404

=======================================================
   📈 ANALYTICS & SYSTEM ADMIN TESTS
=======================================================


── Analytics & Filter Workflow ──
✅ Canceled journey counts by date fetched: {
  '2026-07-20': 11,
  '2026-07-22': 2,
  '2026-07-25': 7,
  '2026-07-26': 30,
  '2026-07-27': 18,
  '2026-07-28': 49,
  '2026-07-29': 15,
  '2026-08-08': 86
}
✅ Canceled journey counts by reason fetched: 7
✅ Canceled journeys (admin filter) fetched: 10
✅ Users (detailed filter) fetched: 10
✅ Online drivers fetched: 10
✅ Offline drivers fetched: 10
✅ All active drivers fetched: 10
── Analytics & Filter Workflow complete ──


── System Admin Workflow ──
✅ Health check OK: ok
✅ Database health check OK: healthy
✅ Database stats fetched: OK
⏩ testGetSystemLogs skipped — uses ?secret= key, not JWT auth (browser-only endpoint)
⏩ testGetSystemUploads skipped — uses ?secret= key, not JWT auth (browser-only endpoint)
── System Admin Workflow complete ──


✅ ========== ADMIN DASHBOARD TESTS ==========

  ✅ PASS: Dashboard — rejects unauthenticated request (401)
  ✅ PASS: Dashboard — returns 200 with admin token
  ✅ PASS: Dashboard — response shape
  ✅ PASS: Dashboard — averageRating

✅ ========== ADMIN DASHBOARD TESTS COMPLETED ==========


✅ Analytics & Admin tests complete


=======================================================
   🔌 TESTING SOCKET NOTIFICATIONS
=======================================================


=======================================================
   🔌 SOCKET NOTIFICATION TESTS
=======================================================

── Creating shipper request ──
  ✅ PASS: createShipperRequest (socket test)

── Connecting shipper socket ──
  ✅ PASS: shipperSocketConnected

── Creating driver request (auto-match) ──
  ✅ PASS: createDriverRequest (socket test)

── Connecting driver socket ──
  ✅ PASS: driverSocketConnected

── Waiting for driver_found_shipper_request on SHIPPER socket ──
  ✅ PASS: shipperReceived_driver_found_shipper_request
── Driver accepting shipper request ──
  ✅ PASS: driverAcceptedShipperRequest

── Waiting for driver_accepted_shipper_request on shipper socket ──
  ✅ PASS: shipperReceived_driver_accepted_shipper_request
── Shipper accepting driver ──
  ✅ PASS: shipperAcceptedDriverOffer

── Waiting for shipper_accepted_driver_request on driver socket ──
  ✅ PASS: driverReceived_shipper_accepted_driver_request

✅ Socket notification tests complete


=======================================================
   🔌 TESTING COMPANY SOCKET NOTIFICATIONS
=======================================================


=======================================================
   🔌 COMPANY TARGET SOCKET NOTIFICATION TESTS
=======================================================

── Connecting company socket ──
  ✅ PASS: companySocketConnected

── Setting up company_batch_available listener ──
  ✅ PASS: companyTarget_createBatch

── Waiting for company_batch_available on company socket ──
  ✅ PASS: companyReceived_company_batch_available
  ✅ PASS: structure_batch_available_uses_data

── Connecting shipper socket ──
  ✅ PASS: shipperSocketConnected

── Setting up company_bid_submitted listener on shipper socket ──
── Company submitting bid ──
  ✅ PASS: companySubmittedBid

── Waiting for company_bid_submitted on shipper socket ──
  ✅ PASS: shipperReceived_company_bid_submitted
  ✅ PASS: structure_bid_submitted_uses_data

── Setting up company_bid_accepted listener on company socket ──
── Shipper accepting bid ──
  ✅ PASS: shipperAcceptedBid

── Waiting for company_bid_accepted on company socket ──
  ✅ PASS: companyReceived_company_bid_accepted
  ✅ PASS: structure_bid_accepted_uses_data

── Connecting driver socket ──
  ✅ PASS: driverSocketConnected

── Setting up company_driver_assignment listener on driver socket ──
── Auto-assigning driver ──
  ✅ PASS: companyAutoAssignedDriver

── Waiting for company_driver_assignment on driver socket ──
  ✅ PASS: driverReceived_company_driver_assignment

── Setting up company_driver_confirmed listener on company socket ──
── Driver confirming assignment ──
  ✅ PASS: driverConfirmedAssignment

── Waiting for company_driver_confirmed on company socket ──
  ✅ PASS: companyReceived_company_driver_confirmed
  ✅ PASS: structure_confirmed_uses_data

── Driver starting journey ──
  ✅ PASS: driverStartedJourney

── Setting up company_driver_completed listener on company socket ──
── Driver completing journey ──
  ✅ PASS: driverCompletedJourney

── Waiting for company_driver_completed ──
  ✅ PASS: companyReceived_company_driver_completed
  ✅ PASS: structure_completed_uses_data


✅ Company socket notification tests complete


=======================================================
   🚫 TESTING DRIVER REJECTION FLOWS
=======================================================


=======================================================
   🚫 DRIVER REJECTION FLOW TESTS
=======================================================

── Creating individual shipper request ──
  ✅ PASS: individualReject: createShipperRequest
── Connecting sockets ──
  ✅ PASS: individualReject: shipperSocketConnected
── Creating driver request (auto-match) ──
  ✅ PASS: individualReject: createDriverRequest
  ✅ PASS: individualReject: driverSocketConnected
  ✅ PASS: individualReject: shipperReceivedDriverFound
✅ Driver journey status fetched. Status: 2
   Status before reject: 2
  ✅ PASS: individualReject: statusIsRequested
── Driver rejecting individual request (pre-accept) ──
  ✅ PASS: individualReject: driverRejected
✅ Driver journey status fetched. Status: null
   Status after reject: null
  ✅ PASS: individualReject: statusIsNotWaiting
── Trying driver new request after rejection (may not match same shipper) ──
  ⏩ SKIP: individualReject: canMatchNewShipper — no available shipper request (same shipper was rejected)
✅ Individual driver rejection test PASSED

── Creating company-target shipper request ──
  ✅ PASS: companyReject: createShipperRequest
── Company bidding ──
  ✅ PASS: companyReject: companyBid
  ✅ PASS: companyReject: shipperAcceptedBid
  ✅ PASS: companyReject: autoAssign
✅ Driver journey status fetched. Status: 2
   Status before reject: 2 assignment: assigned
  ✅ PASS: companyReject: assignmentCreated
  ✅ PASS: companyReject: socketsConnected
── Driver rejecting company assignment ──
  ✅ PASS: companyReject: driverRejected
   Assignment status after reject: rejected_by_driver
  ✅ PASS: companyReject: assignmentRejected
  ✅ PASS: companyReject: companyReceivedRejection
✅ Driver journey status fetched. Status: 1
   Driver status after both rejects: 1
  ⏩ SKIP: companyReject: individualRequestStillActive — no active individual request from Test 1 (expected when same shipper can't re-match)
✅ Company assignment rejection test PASSED


━━━━━━━━━━━━━━━━━━━━━━━━━━━━━━━━━━━━━━━
  Results:  ✅ 63 passed  |  ❌ 0 failed  |  ⏩ 9 skipped
  Total:    72 tests
━━━━━━━━━━━━━━━━━━━━━━━━━━━━━━━━━━━━━━━


── Journey Counts Endpoints ──

── GET /api/user/getCompletedJourneyCountsByDate ──
  ✅ PASS: GET /api/user/getCompletedJourneyCountsByDate — Journey data fetched

── GET /api/user/getCanceledJourneyCountsByDate ──
  ✅ PASS: GET /api/user/getCanceledJourneyCountsByDate — Canceled journey stats fetched

── GET /api/user/getCanceledJourneyCountsByReason ──
  ✅ PASS: GET /api/user/getCanceledJourneyCountsByReason — Canceled journey stats fetched

── GET /api/admin/getCanceledJourneyByFilter ──
  ✅ PASS: GET /api/admin/getCanceledJourneyByFilter — success

── GET /api/user/searchCompletedJourneyByUserData ──
  ✅ PASS: GET /api/user/searchCompletedJourneyByUserData — Completed journeys fetched successfully

── System Admin: Database & System ──

── GET /api/admin/database/stats ──
  ✅ PASS: GET /api/admin/database/stats — success

── GET /api/admin/system/logs ──
  ✅ PASS: GET /api/admin/system/logs — ok

── GET /api/admin/system/uploads ──
  ✅ PASS: GET /api/admin/system/uploads — ok

── System Admin: Driver Queries ──

── GET /api/admin/getOnlineDrivers ──
  ✅ PASS: GET /api/admin/getOnlineDrivers — success

── GET /api/admin/getOfflineDrivers ──
  ✅ PASS: GET /api/admin/getOfflineDrivers — success

── GET /api/admin/getAllActiveDrivers ──
  ✅ PASS: GET /api/admin/getAllActiveDrivers — Active drivers list fetched

── GET /api/admin/getUnAuthorizedDriver ──
  ✅ PASS: GET /api/admin/getUnAuthorizedDriver — Unauthorized drivers list fetched

── System Admin: User & Cache ──

── GET /api/admin/getUserByFilterDetailed ──
  ✅ PASS: GET /api/admin/getUserByFilterDetailed — success

── GET /api/utils/clear-cache ──
  ✅ PASS: GET /api/utils/clear-cache — success

── System Admin: Create User ──

── POST /api/admin/createUserByAdminOrSuperAdmin ──
  ✅ PASS: POST /api/admin/createUserByAdminOrSuperAdmin — OTP sent successfully

── System Admin: Notifications ──

── POST /api/notifications/send-to-user ──
  ⏩ SKIP: POST /api/notifications/send-to-user — endpoint reachable — {"statusCode":400,"status":"fail","isOperational":true}

── POST /api/notifications/send-to-tokens ──
  ✅ PASS: POST /api/notifications/send-to-tokens — Notifications sent successfully

── System Admin: Roles & DB ──

── GET /api/admin/userStatuses/:id ──
  ⏩ SKIP: GET /api/admin/userStatuses/:id — DB table mismatch — 'UserStatuses' vs 'userstatuses'

── GET /api/admin/userRoleStatus/byPhone ──
  ✅ PASS: GET /api/admin/userRoleStatus/byPhone — ok

── GET /api/admin/userRoleStatusCurrent ──
  ✅ PASS: GET /api/admin/userRoleStatusCurrent — User role statuses fetched successfully

── GET /tableColumns/:tableName ──
  ✅ PASS: GET /tableColumns/Users — Tables list fetched

── System Admin: Document & Journey ──

── PUT /api/admin/acceptRejectAttachedDocuments ──
  ⏩ SKIP: PUT /api/admin/acceptRejectAttachedDocuments — endpoint reachable — {"statusCode":400,"status":"fail","isOperational":true,"code":"VALIDATION_ERROR"

── POST /api/admin/canceledJourneyBySystem ──
  ⏩ SKIP: POST /api/admin/canceledJourneyBySystem — endpoint reachable — {"statusCode":400,"status":"fail","isOperational":true,"code":"VALIDATION_ERROR"

── GET /api/admin/check-automatic-ban/:id ──
  ⏩ SKIP: GET /api/admin/check-automatic-ban/:id — Request failed with status code 404

── GET /api/admin/tables ──
  ✅ PASS: GET /api/admin/tables — Tables list fetched

── Shipper Supplementary ──

── PUT /api/shipper/noAnswerFromDriver ──
  ⏩ SKIP: PUT /api/shipper/noAnswerFromDriver — endpoint reachable — {"statusCode":404,"status":"fail","isOperational":true}

── PUT /api/shipperRequest/getById/:id ──
  ⏩ SKIP: PUT /api/shipperRequest/getById/:id — endpoint reachable — {"statusCode":500,"status":"error","isOperational":true}

── DELETE /api/shipperRequest/getById/:id ──
  ⏩ SKIP: DELETE /api/shipperRequest/getById/:id — endpoint reachable — {"statusCode":500,"status":"error","isOperational":true}

── Company Supplementary ──

── GET /api/company/companies/:id/profileHistory ──
  ✅ PASS: GET /api/company/companies/:id/profileHistory — success

── Finance: UserBalance ──

── POST /api/finance/userBalance ──
  ⏩ SKIP: POST /api/finance/userBalance — endpoint reachable — {"statusCode":400,"status":"fail","isOperational":true,"code":"VALIDATION_ERROR"

── GET /api/finance/userBalance ──
  ✅ PASS: GET /api/finance/userBalance — User balances fetched successfully

── Status Supplementary ──

── POST /api/admin/userStatuses ──
  ⏩ SKIP: POST /api/admin/userStatuses — endpoint reachable — {"statusCode":400,"status":"fail","isOperational":true,"code":"VALIDATION_ERROR"

── Delinquency Supplementary ──

── PATCH /api/admin/delinquencyTypes/:id/toggle-active ──
  ✅ PASS: PATCH toggle-active — Delinquency type activated successfully

── GET /api/admin/delinquencyTypes/role/:id ──
  ✅ PASS: GET /api/admin/delinquencyTypes/role/:id — Delinquency types fetched successfully

── GET /api/user/delinquencyResponse/pending ──
  ⏩ SKIP: GET /api/user/delinquencyResponse/pending — {"statusCode":400,"status":"fail","isOperational":true,"code":"VALIDATION_ERROR","details":[{"field":"userUniqueId","message":"\"userUniqueId\" is required"},{"field":"roleId","message":"\"roleId\" is required"}]}
  ⏩ SKIP: GET /api/user/report-wrong-email — browser-only endpoint — requires a report-specific ?token= param, not an auth token

── GET /api/user/verify-email ──
  ⏩ SKIP: GET /api/user/verify-email — endpoint reachable — needs valid email token

── GET /api/user/verify-phone ──
  ⏩ SKIP: GET /api/user/verify-phone — endpoint reachable — needs valid phone+code ({"statusCode":400,"status":"fail","isOperational":true})

── POST /api/user/verify-phone ──
  ⏩ SKIP: POST /api/user/verify-phone — endpoint reachable — needs valid phone+code

=======================================================
   🧪 TESTING PREVIOUSLY UNTESTED ENDPOINTS
=======================================================


── PATCH /api/company/companies/:companyUniqueId ──
✅ updateCompany: Company updated successfully

── DELETE /api/company/companies/:companyUniqueId ──
✅ deleteCompany: Company deleted successfully

── PATCH /api/shipperRequestBatch/:batchUniqueId ──
✅ updateBatch: Batch updated

── DELETE /api/shipperRequestBatch/:batchUniqueId ──
✅ deleteBatch: Batch deleted

── POST /api/vehicle/attachDocuments/:vehicleUniqueId ──
✅ vehicleDocumentUpload: success

── DELETE /api/user/users/:userUniqueId ──
✅ deleteUser: User deleted

━━━━━━━━━━━━━━━━━━━━━━━━━━━━━━━━━━━━━━━
  Results:  ✅ 87 passed  |  ❌ 0 failed  |  ⏩ 24 skipped
  Total:    111 tests
━━━━━━━━━━━━━━━━━━━━━━━━━━━━━━━━━━━━━━━


✅ ========== E2E TEST COMPLETED SUCCESSFULLY ==========

